Loading diffusion model...
Loading restorer...
==========================================================
  Task:              restoration
  Guidance scale:    0.0
  N:                 1  (range [1.0T, 1.0T])
  Steps:             ddpm50
  DDIM:              False
  Seed:              1234
  Input:             ../testdata/pairs/LQ
  GT:                ../testdata/pairs/GT
==========================================================
[1/1] 0000_00010.png

---
quality_score_v2:    0.3354   <-- PRIMARY (higher = better)
quality_score_old:    0.000   (deprecated, lower = better)
psnr:                 12.0069   <-- PAPER: PSNR vs GT (higher = better)
ssim_gt:              0.0873   <-- PAPER: SSIM vs GT (higher = better)
niqe:                 2858.7795   <-- PAPER: NIQE (lower = better)
avg_guidance_loss:    0.000
num_images:           1
total_seconds:        6.5
peak_vram_mb:         1015.0
task:                 restoration
guidance_scale:       0.000
N:                    1
timestep_respacing:   ddpm50
use_ddim:             False
seed:                 1234
guidance_calls:       50
restorer_calls:       0
s_per_image:          6.54
ms_per_guidance:      130.74
edge_density_avg:              0.9596
edge_density_max:              0.9596
edge_density_min:              0.9596
local_var_mean_avg:              1040.0206
local_var_mean_max:              1040.0206
local_var_mean_min:              1040.0206
naturalness_avg:              0.7070
naturalness_max:              0.7070
naturalness_min:              0.7070
niqe_avg:              2858.7795
niqe_max:              2858.7795
niqe_min:              2858.7795
psnr_avg:              12.0069
psnr_max:              12.0069
psnr_min:              12.0069
sharpness_avg:              25612.8476
sharpness_gain_avg:              283.5778
sharpness_gain_max:              283.5778
sharpness_gain_min:              283.5778
sharpness_max:              25612.8476
sharpness_min:              25612.8476
ssim_gt_avg:              0.0873
ssim_gt_max:              0.0873
ssim_gt_min:              0.0873
ssim_input_avg:              0.0949
ssim_input_max:              0.0949
ssim_input_min:              0.0949

--- STDERR ---
[rank0]:[W608 09:21:12.491649456 ProcessGroupNCCL.cpp:1553] Warning: WARNING: destroy_process_group() was not called before program exit, which can leak resources. For more info, please see https://pytorch.org/docs/stable/distributed.html#shutdown (function operator())
