Loading diffusion model...
Loading restorer...
==========================================================
  Task:              restoration
  Guidance scale:    0.1
  N:                 1  (range [1.0T, 1.0T])
  Steps:             full 1000
  DDIM:              False
  Seed:              1234
  Input:             ../testdata/pairs/LQ
  GT:                ../testdata/pairs/GT
==========================================================
[1/1] 0000_00010.png

---
quality_score_v2:    0.6331   <-- PRIMARY (higher = better)
quality_score_old:    159.030   (deprecated, lower = better)
psnr:                 30.2776   <-- PAPER: PSNR vs GT (higher = better)
ssim_gt:              0.8620   <-- PAPER: SSIM vs GT (higher = better)
niqe:                 4513.9897   <-- PAPER: NIQE (lower = better)
avg_guidance_loss:    11245.217
num_images:           1
total_seconds:        135.3
peak_vram_mb:         1018.0
task:                 restoration
guidance_scale:       0.100
N:                    1
timestep_respacing:   ddpm1000
use_ddim:             False
seed:                 1234
guidance_calls:       1000
restorer_calls:       1000
s_per_image:          135.29
ms_per_guidance:      135.29
edge_density_avg:              0.2942
edge_density_max:              0.2942
edge_density_min:              0.2942
local_var_mean_avg:              724.1418
local_var_mean_max:              724.1418
local_var_mean_min:              724.1418
naturalness_avg:              0.8653
naturalness_max:              0.8653
naturalness_min:              0.8653
niqe_avg:              4513.9897
niqe_max:              4513.9897
niqe_min:              4513.9897
psnr_avg:              30.2776
psnr_max:              30.2776
psnr_min:              30.2776
sharpness_avg:              70.7111
sharpness_gain_avg:              0.7829
sharpness_gain_max:              0.7829
sharpness_gain_min:              0.7829
sharpness_max:              70.7111
sharpness_min:              70.7111
ssim_gt_avg:              0.8620
ssim_gt_max:              0.8620
ssim_gt_min:              0.8620
ssim_input_avg:              0.9346
ssim_input_max:              0.9346
ssim_input_min:              0.9346
loss_edge_preservation:           0.000
loss_smooth_semantics:           11245.217

--- STDERR ---
[rank0]:[W608 09:26:05.347471724 ProcessGroupNCCL.cpp:1553] Warning: WARNING: destroy_process_group() was not called before program exit, which can leak resources. For more info, please see https://pytorch.org/docs/stable/distributed.html#shutdown (function operator())
