Loading diffusion model...
Loading restorer...
==========================================================
  Task:              restoration
  Guidance scale:    5.0
  N:                 1  (range [1.0T, 1.0T])
  Steps:             full 1000
  DDIM:              False
  Seed:              1234
  Input:             ../testdata/pairs/LQ
  GT:                ../testdata/pairs/GT
==========================================================
[1/1] 0000_00010.png

---
quality_score_v2:    1.7916   <-- PRIMARY (higher = better)
quality_score_old:    62.547   (deprecated, lower = better)
psnr:                 10.7786   <-- PAPER: PSNR vs GT (higher = better)
ssim_gt:              0.5571   <-- PAPER: SSIM vs GT (higher = better)
niqe:                 3618.4157   <-- PAPER: NIQE (lower = better)
avg_guidance_loss:    175891.406
num_images:           1
total_seconds:        12.4
peak_vram_mb:         1053.6
task:                 restoration
guidance_scale:       5.000
N:                    1
timestep_respacing:   ddpm1000
use_ddim:             False
seed:                 1234
guidance_calls:       67
restorer_calls:       67
s_per_image:          12.39
ms_per_guidance:      185.00
edge_density_avg:              0.1352
edge_density_max:              0.1352
edge_density_min:              0.1352
local_var_mean_avg:              3176.8801
local_var_mean_max:              3176.8801
local_var_mean_min:              3176.8801
naturalness_avg:              0.6667
naturalness_max:              0.6667
naturalness_min:              0.6667
niqe_avg:              3618.4157
niqe_max:              3618.4157
niqe_min:              3618.4157
psnr_avg:              10.7786
psnr_max:              10.7786
psnr_min:              10.7786
sharpness_avg:              2812.1301
sharpness_gain_avg:              31.1351
sharpness_gain_max:              31.1351
sharpness_gain_min:              31.1351
sharpness_max:              2812.1301
sharpness_min:              2812.1301
ssim_gt_avg:              0.5571
ssim_gt_max:              0.5571
ssim_gt_min:              0.5571
ssim_input_avg:              0.5375
ssim_input_max:              0.5375
ssim_input_min:              0.5375
loss_edge_preservation:           0.000
loss_smooth_semantics:           258541.781

--- STDERR ---
[rank0]:[W608 09:21:03.232761875 ProcessGroupNCCL.cpp:1553] Warning: WARNING: destroy_process_group() was not called before program exit, which can leak resources. For more info, please see https://pytorch.org/docs/stable/distributed.html#shutdown (function operator())
