Loading diffusion model...
Loading restorer...
==========================================================
  Task:              restoration
  Guidance scale:    0.1
  N:                 1  (range [1.0T, 1.0T])
  Steps:             full 1000
  DDIM:              False
  Seed:              1234
  Input:             ../testdata/pairs/LQ
  GT:                ../testdata/pairs/GT
==========================================================
[1/1] 0000_00010.png

---
quality_score_v2:    0.3219   <-- PRIMARY (higher = better)
quality_score_old:    25.553   (deprecated, lower = better)
psnr:                 11.8437   <-- PAPER: PSNR vs GT (higher = better)
ssim_gt:              0.0845   <-- PAPER: SSIM vs GT (higher = better)
niqe:                 2833.0490   <-- PAPER: NIQE (lower = better)
avg_guidance_loss:    688512.792
num_images:           1
total_seconds:        13.9
peak_vram_mb:         1065.7
task:                 restoration
guidance_scale:       0.100
N:                    1
timestep_respacing:   ddpm1000
use_ddim:             False
seed:                 1234
guidance_calls:       78
restorer_calls:       78
s_per_image:          13.91
ms_per_guidance:      178.30
edge_density_avg:              0.9542
edge_density_max:              0.9542
edge_density_min:              0.9542
local_var_mean_avg:              1076.9241
local_var_mean_max:              1076.9241
local_var_mean_min:              1076.9241
naturalness_avg:              0.7080
naturalness_max:              0.7080
naturalness_min:              0.7080
niqe_avg:              2833.0490
niqe_max:              2833.0490
niqe_min:              2833.0490
psnr_avg:              11.8437
psnr_max:              11.8437
psnr_min:              11.8437
sharpness_avg:              26944.1529
sharpness_gain_avg:              298.3177
sharpness_gain_max:              298.3177
sharpness_gain_min:              298.3177
sharpness_max:              26944.1529
sharpness_min:              26944.1529
ssim_gt_avg:              0.0845
ssim_gt_max:              0.0845
ssim_gt_min:              0.0845
ssim_input_avg:              0.0909
ssim_input_max:              0.0909
ssim_input_min:              0.0909
loss_edge_preservation:           0.000
loss_smooth_semantics:           688512.792

--- STDERR ---
[rank0]:[W608 09:21:29.111236702 ProcessGroupNCCL.cpp:1553] Warning: WARNING: destroy_process_group() was not called before program exit, which can leak resources. For more info, please see https://pytorch.org/docs/stable/distributed.html#shutdown (function operator())
