Loading diffusion model...
Loading restorer...
==========================================================
  Task:              restoration
  Guidance scale:    0.1
  N:                 1  (range [1.0T, 0.7T])
  Steps:             full 1000
  DDIM:              False
  Seed:              1234
  Input:             ../testdata/pairs/LQ
  GT:                ../testdata/pairs/GT
==========================================================
[1/1] 0000_00010.png

---
quality_score_v2:    0.6123   <-- PRIMARY (higher = better)
quality_score_old:    132.482   (deprecated, lower = better)
psnr:                 30.3239   <-- PAPER: PSNR vs GT (higher = better)
ssim_gt:              0.8629   <-- PAPER: SSIM vs GT (higher = better)
niqe:                 4512.5473   <-- PAPER: NIQE (lower = better)
avg_guidance_loss:    9052.916
num_images:           1
total_seconds:        137.1
peak_vram_mb:         1018.0
task:                 restoration
guidance_scale:       0.100
N:                    1
timestep_respacing:   ddpm1000
use_ddim:             False
seed:                 1234
guidance_calls:       1000
restorer_calls:       1000
s_per_image:          137.14
ms_per_guidance:      137.14
edge_density_avg:              0.2923
edge_density_max:              0.2923
edge_density_min:              0.2923
local_var_mean_avg:              721.3356
local_var_mean_max:              721.3356
local_var_mean_min:              721.3356
naturalness_avg:              0.8645
naturalness_max:              0.8645
naturalness_min:              0.8645
niqe_avg:              4512.5473
niqe_max:              4512.5473
niqe_min:              4512.5473
psnr_avg:              30.3239
psnr_max:              30.3239
psnr_min:              30.3239
sharpness_avg:              68.3329
sharpness_gain_avg:              0.7566
sharpness_gain_max:              0.7566
sharpness_gain_min:              0.7566
sharpness_max:              68.3329
sharpness_min:              68.3329
ssim_gt_avg:              0.8629
ssim_gt_max:              0.8629
ssim_gt_min:              0.8629
ssim_input_avg:              0.9361
ssim_input_max:              0.9361
ssim_input_min:              0.9361
loss_edge_preservation:           0.000
loss_smooth_semantics:           9052.916

--- STDERR ---
[rank0]:[W607 22:18:48.089919188 ProcessGroupNCCL.cpp:1553] Warning: WARNING: destroy_process_group() was not called before program exit, which can leak resources. For more info, please see https://pytorch.org/docs/stable/distributed.html#shutdown (function operator())
