Loading diffusion model...
Loading restorer...
==========================================================
  Task:              restoration
  Guidance scale:    0.25
  N:                 1  (range [1.0T, 0.5T])
  Steps:             full 1000
  DDIM:              False
  Seed:              1234
  Input:             ../testdata/pairs/LQ
  GT:                ../testdata/pairs/GT
==========================================================
[1/1] 0000_00010.png

---
quality_score_v2:    0.8692   <-- PRIMARY (higher = better)
quality_score_old:    37.002   (deprecated, lower = better)
psnr:                 28.5418   <-- PAPER: PSNR vs GT (higher = better)
ssim_gt:              0.8389   <-- PAPER: SSIM vs GT (higher = better)
niqe:                 4534.7997   <-- PAPER: NIQE (lower = better)
avg_guidance_loss:    3700.557
num_images:           1
total_seconds:        79.1
peak_vram_mb:         1019.0
task:                 restoration
guidance_scale:       0.250
N:                    1
timestep_respacing:   ddpm1000
use_ddim:             False
seed:                 1234
guidance_calls:       1000
restorer_calls:       250
s_per_image:          79.15
ms_per_guidance:      79.15
edge_density_avg:              0.3177
edge_density_max:              0.3177
edge_density_min:              0.3177
local_var_mean_avg:              747.5932
local_var_mean_max:              747.5932
local_var_mean_min:              747.5932
naturalness_avg:              0.8656
naturalness_max:              0.8656
naturalness_min:              0.8656
niqe_avg:              4534.7997
niqe_max:              4534.7997
niqe_min:              4534.7997
psnr_avg:              28.5418
psnr_max:              28.5418
psnr_min:              28.5418
sharpness_avg:              100.0090
sharpness_gain_avg:              1.1073
sharpness_gain_max:              1.1073
sharpness_gain_min:              1.1073
sharpness_max:              100.0090
sharpness_min:              100.0090
ssim_gt_avg:              0.8389
ssim_gt_max:              0.8389
ssim_gt_min:              0.8389
ssim_input_avg:              0.9068
ssim_input_max:              0.9068
ssim_input_min:              0.9068
loss_edge_preservation:           0.000
loss_smooth_semantics:           14802.229

--- STDERR ---
[rank0]:[W607 22:25:22.170804768 ProcessGroupNCCL.cpp:1553] Warning: WARNING: destroy_process_group() was not called before program exit, which can leak resources. For more info, please see https://pytorch.org/docs/stable/distributed.html#shutdown (function operator())
