Loading diffusion model...
Loading restorer...
==========================================================
  Task:              restoration
  Guidance scale:    0.1
  N:                 1  (range [1.0T, 0.7T])
  Steps:             full 1000
  DDIM:              False
  Seed:              1234
  Input:             ../testdata/pairs/LQ
  GT:                ../testdata/pairs/GT
==========================================================
[1/1] 0000_00010.png

---
quality_score_v2:    1.3243   <-- PRIMARY (higher = better)
quality_score_old:    52.475   (deprecated, lower = better)
psnr:                 26.4966   <-- PAPER: PSNR vs GT (higher = better)
ssim_gt:              0.8017   <-- PAPER: SSIM vs GT (higher = better)
niqe:                 756.7225   <-- PAPER: NIQE (lower = better)
avg_guidance_loss:    9052.916
num_images:           1
total_seconds:        138.6
peak_vram_mb:         4344.8
task:                 restoration
guidance_scale:       0.100
N:                    1
timestep_respacing:   ddpm1000
use_ddim:             False
seed:                 1234
guidance_calls:       1000
restorer_calls:       1000
s_per_image:          138.61
ms_per_guidance:      138.61
edge_density_avg:              0.3444
edge_density_max:              0.3444
edge_density_min:              0.3444
local_var_mean_avg:              831.7709
local_var_mean_max:              831.7709
local_var_mean_min:              831.7709
naturalness_avg:              0.8659
naturalness_max:              0.8659
naturalness_min:              0.8659
niqe_avg:              756.7225
niqe_max:              756.7225
niqe_min:              756.7225
psnr_avg:              26.4966
psnr_max:              26.4966
psnr_min:              26.4966
sharpness_avg:              172.5175
sharpness_gain_avg:              1.9101
sharpness_gain_max:              1.9101
sharpness_gain_min:              1.9101
sharpness_max:              172.5175
sharpness_min:              172.5175
ssim_gt_avg:              0.8017
ssim_gt_max:              0.8017
ssim_gt_min:              0.8017
ssim_input_avg:              0.8007
ssim_input_max:              0.8007
ssim_input_min:              0.8007
loss_edge_preservation:           0.000
loss_smooth_semantics:           9052.916

--- STDERR ---
[rank0]:[W607 22:16:29.169356867 ProcessGroupNCCL.cpp:1553] Warning: WARNING: destroy_process_group() was not called before program exit, which can leak resources. For more info, please see https://pytorch.org/docs/stable/distributed.html#shutdown (function operator())
