Loading diffusion model...
Loading restorer...
==========================================================
  Task:              restoration
  Guidance scale:    0.25
  N:                 1  (range [1.0T, 1.0T])
  Steps:             full 1000
  DDIM:              False
  Seed:              1234
  Input:             ../testdata/pairs/LQ
  GT:                ../testdata/pairs/GT
==========================================================
[1/1] 0000_00010.png

---
quality_score_v2:    0.6607   <-- PRIMARY (higher = better)
quality_score_old:    100.049   (deprecated, lower = better)
psnr:                 30.5570   <-- PAPER: PSNR vs GT (higher = better)
ssim_gt:              0.8644   <-- PAPER: SSIM vs GT (higher = better)
niqe:                 4516.6877   <-- PAPER: NIQE (lower = better)
avg_guidance_loss:    7385.827
num_images:           1
total_seconds:        98.3
peak_vram_mb:         1019.0
task:                 restoration
guidance_scale:       0.250
N:                    1
timestep_respacing:   ddpm1000
use_ddim:             False
seed:                 1234
guidance_calls:       1000
restorer_calls:       500
s_per_image:          98.33
ms_per_guidance:      98.33
edge_density_avg:              0.2959
edge_density_max:              0.2959
edge_density_min:              0.2959
local_var_mean_avg:              735.4439
local_var_mean_max:              735.4439
local_var_mean_min:              735.4439
naturalness_avg:              0.8652
naturalness_max:              0.8652
naturalness_min:              0.8652
niqe_avg:              4516.6877
niqe_max:              4516.6877
niqe_min:              4516.6877
psnr_avg:              30.5570
psnr_max:              30.5570
psnr_min:              30.5570
sharpness_avg:              73.8221
sharpness_gain_avg:              0.8173
sharpness_gain_max:              0.8173
sharpness_gain_min:              0.8173
sharpness_max:              73.8221
sharpness_min:              73.8221
ssim_gt_avg:              0.8644
ssim_gt_max:              0.8644
ssim_gt_min:              0.8644
ssim_input_avg:              0.9343
ssim_input_max:              0.9343
ssim_input_min:              0.9343
loss_edge_preservation:           0.000
loss_smooth_semantics:           14771.654

--- STDERR ---
[rank0]:[W607 22:22:11.435672366 ProcessGroupNCCL.cpp:1553] Warning: WARNING: destroy_process_group() was not called before program exit, which can leak resources. For more info, please see https://pytorch.org/docs/stable/distributed.html#shutdown (function operator())
