Loading diffusion model...
Loading restorer...
==========================================================
  Task:              restoration
  Guidance scale:    0.3
  N:                 1  (range [1.0T, 1.0T])
  Steps:             full 1000
  DDIM:              False
  Seed:              1234
  Input:             ../testdata/pairs/LQ
  GT:                ../testdata/pairs/GT
==========================================================
[1/1] 0000_00010.png

---
quality_score_v2:    0.6853   <-- PRIMARY (higher = better)
quality_score_old:    46.607   (deprecated, lower = better)
psnr:                 30.0643   <-- PAPER: PSNR vs GT (higher = better)
ssim_gt:              0.8591   <-- PAPER: SSIM vs GT (higher = better)
niqe:                 4521.0032   <-- PAPER: NIQE (lower = better)
avg_guidance_loss:    3580.021
num_images:           1
total_seconds:        99.3
peak_vram_mb:         1019.0
task:                 restoration
guidance_scale:       0.300
N:                    1
timestep_respacing:   ddpm1000
use_ddim:             False
seed:                 1234
guidance_calls:       1000
restorer_calls:       500
s_per_image:          99.35
ms_per_guidance:      99.35
edge_density_avg:              0.2971
edge_density_max:              0.2971
edge_density_min:              0.2971
local_var_mean_avg:              730.2844
local_var_mean_max:              730.2844
local_var_mean_min:              730.2844
naturalness_avg:              0.8663
naturalness_max:              0.8663
naturalness_min:              0.8663
niqe_avg:              4521.0032
niqe_max:              4521.0032
niqe_min:              4521.0032
psnr_avg:              30.0643
psnr_max:              30.0643
psnr_min:              30.0643
sharpness_avg:              76.8122
sharpness_gain_avg:              0.8504
sharpness_gain_max:              0.8504
sharpness_gain_min:              0.8504
sharpness_max:              76.8122
sharpness_min:              76.8122
ssim_gt_avg:              0.8591
ssim_gt_max:              0.8591
ssim_gt_min:              0.8591
ssim_input_avg:              0.9302
ssim_input_max:              0.9302
ssim_input_min:              0.9302
loss_edge_preservation:           0.000
loss_smooth_semantics:           8326.333

--- STDERR ---
[rank0]:[W607 21:28:53.259559626 ProcessGroupNCCL.cpp:1553] Warning: WARNING: destroy_process_group() was not called before program exit, which can leak resources. For more info, please see https://pytorch.org/docs/stable/distributed.html#shutdown (function operator())
