Loading diffusion model...
Loading restorer...
==========================================================
  Task:              restoration
  Guidance scale:    0.2
  N:                 1  (range [1.0T, 1.0T])
  Steps:             full 1000
  DDIM:              False
  Seed:              1234
  Input:             ../testdata/pairs/LQ
  GT:                ../testdata/pairs/GT
==========================================================
[1/1] 0000_00010.png

---
quality_score_v2:    0.6114   <-- PRIMARY (higher = better)
quality_score_old:    67.729   (deprecated, lower = better)
psnr:                 30.3285   <-- PAPER: PSNR vs GT (higher = better)
ssim_gt:              0.8630   <-- PAPER: SSIM vs GT (higher = better)
niqe:                 4512.7612   <-- PAPER: NIQE (lower = better)
avg_guidance_loss:    4621.304
num_images:           1
total_seconds:        98.9
peak_vram_mb:         1019.0
task:                 restoration
guidance_scale:       0.200
N:                    1
timestep_respacing:   ddpm1000
use_ddim:             False
seed:                 1234
guidance_calls:       1000
restorer_calls:       500
s_per_image:          98.95
ms_per_guidance:      98.95
edge_density_avg:              0.2921
edge_density_max:              0.2921
edge_density_min:              0.2921
local_var_mean_avg:              721.3753
local_var_mean_max:              721.3753
local_var_mean_min:              721.3753
naturalness_avg:              0.8645
naturalness_max:              0.8645
naturalness_min:              0.8645
niqe_avg:              4512.7612
niqe_max:              4512.7612
niqe_min:              4512.7612
psnr_avg:              30.3285
psnr_max:              30.3285
psnr_min:              30.3285
sharpness_avg:              68.2318
sharpness_gain_avg:              0.7554
sharpness_gain_max:              0.7554
sharpness_gain_min:              0.7554
sharpness_max:              68.2318
sharpness_min:              68.2318
ssim_gt_avg:              0.8630
ssim_gt_max:              0.8630
ssim_gt_min:              0.8630
ssim_input_avg:              0.9361
ssim_input_max:              0.9361
ssim_input_min:              0.9361
loss_edge_preservation:           0.000
loss_smooth_semantics:           9242.607

--- STDERR ---
[rank0]:[W607 21:30:34.939701371 ProcessGroupNCCL.cpp:1553] Warning: WARNING: destroy_process_group() was not called before program exit, which can leak resources. For more info, please see https://pytorch.org/docs/stable/distributed.html#shutdown (function operator())
