Loading diffusion model...
Loading restorer...
==========================================================
  Task:              restoration
  Guidance scale:    0.3
  N:                 1  (range [1.0T, 1.0T])
  Steps:             full 1000
  DDIM:              False
  Seed:              1234
  Input:             ../testdata/pairs/LQ
  GT:                ../testdata/pairs/GT
==========================================================
[1/1] 0000_00010.png

---
quality_score_v2:    0.6195   <-- PRIMARY (higher = better)
quality_score_old:    42.331   (deprecated, lower = better)
psnr:                 29.4389   <-- PAPER: PSNR vs GT (higher = better)
ssim_gt:              0.8537   <-- PAPER: SSIM vs GT (higher = better)
niqe:                 4518.2363   <-- PAPER: NIQE (lower = better)
avg_guidance_loss:    2948.658
num_images:           1
total_seconds:        86.3
peak_vram_mb:         1019.0
task:                 restoration
guidance_scale:       0.300
N:                    1
timestep_respacing:   ddpm1000
use_ddim:             False
seed:                 1234
guidance_calls:       1000
restorer_calls:       333
s_per_image:          86.33
ms_per_guidance:      86.33
edge_density_avg:              0.2974
edge_density_max:              0.2974
edge_density_min:              0.2974
local_var_mean_avg:              711.5081
local_var_mean_max:              711.5081
local_var_mean_min:              711.5081
naturalness_avg:              0.8647
naturalness_max:              0.8647
naturalness_min:              0.8647
niqe_avg:              4518.2363
niqe_max:              4518.2363
niqe_min:              4518.2363
psnr_avg:              29.4389
psnr_max:              29.4389
psnr_min:              29.4389
sharpness_avg:              69.6578
sharpness_gain_avg:              0.7712
sharpness_gain_max:              0.7712
sharpness_gain_min:              0.7712
sharpness_max:              69.6578
sharpness_min:              69.6578
ssim_gt_avg:              0.8537
ssim_gt_max:              0.8537
ssim_gt_min:              0.8537
ssim_input_avg:              0.9289
ssim_input_max:              0.9289
ssim_input_min:              0.9289
loss_edge_preservation:           0.000
loss_smooth_semantics:           10337.251

--- STDERR ---
[rank0]:[W607 21:33:45.785443272 ProcessGroupNCCL.cpp:1553] Warning: WARNING: destroy_process_group() was not called before program exit, which can leak resources. For more info, please see https://pytorch.org/docs/stable/distributed.html#shutdown (function operator())
