Loading diffusion model...
Loading restorer...
==========================================================
  Task:              restoration
  Guidance scale:    0.25
  N:                 1  (range [1.0T, 0.8T])
  Steps:             full 1000
  DDIM:              False
  Seed:              1234
  Input:             ../testdata/pairs/LQ
  GT:                ../testdata/pairs/GT
==========================================================
[1/1] 0000_00010.png

---
quality_score_v2:    0.6673   <-- PRIMARY (higher = better)
quality_score_old:    34.762   (deprecated, lower = better)
psnr:                 24.6471   <-- PAPER: PSNR vs GT (higher = better)
ssim_gt:              0.8173   <-- PAPER: SSIM vs GT (higher = better)
niqe:                 4533.5175   <-- PAPER: NIQE (lower = better)
avg_guidance_loss:    2700.297
num_images:           1
total_seconds:        68.2
peak_vram_mb:         1019.0
task:                 restoration
guidance_scale:       0.250
N:                    1
timestep_respacing:   ddpm1000
use_ddim:             False
seed:                 1234
guidance_calls:       1000
restorer_calls:       100
s_per_image:          68.23
ms_per_guidance:      68.23
edge_density_avg:              0.2920
edge_density_max:              0.2920
edge_density_min:              0.2920
local_var_mean_avg:              558.2856
local_var_mean_max:              558.2856
local_var_mean_min:              558.2856
naturalness_avg:              0.8651
naturalness_max:              0.8651
naturalness_min:              0.8651
niqe_avg:              4533.5175
niqe_max:              4533.5175
niqe_min:              4533.5175
psnr_avg:              24.6471
psnr_max:              24.6471
psnr_min:              24.6471
sharpness_avg:              77.6795
sharpness_gain_avg:              0.8600
sharpness_gain_max:              0.8600
sharpness_gain_min:              0.8600
sharpness_max:              77.6795
sharpness_min:              77.6795
ssim_gt_avg:              0.8173
ssim_gt_max:              0.8173
ssim_gt_min:              0.8173
ssim_input_avg:              0.8969
ssim_input_max:              0.8969
ssim_input_min:              0.8969
loss_edge_preservation:           0.000
loss_smooth_semantics:           28247.739

--- STDERR ---
[rank0]:[W607 21:36:25.510929749 ProcessGroupNCCL.cpp:1553] Warning: WARNING: destroy_process_group() was not called before program exit, which can leak resources. For more info, please see https://pytorch.org/docs/stable/distributed.html#shutdown (function operator())
